AraxisMergeReporter
AutoApproveReporter
AutoApproveWhenEmptyReporter
BeyondCompareReporter
ClipboardReporter
CodeCompareReporter
DelayedClipboardReporter
DiffMergeReporter
DiffReporter
FileCaptureReporter
ImageReporter
ImageWebReporter
IntelliJReporter
JunitReporter
KDiff3Reporter
KaleidoscopeDiffReporter
MeldMergeReporter
P4MergeReporter
PitReporter
QuietReporter
TestNgReporter
TextWebReporter
TkDiffReporter
TortoiseDiffReporter
VisualStudioCodeReporter
WinMergeReporter
WindowsDiffReporter
